exports[`test renders correctly 1`] = `
<View
  accessibilityComponentType={undefined}
  accessibilityLabel={undefined}
  accessibilityTraits={undefined}
  accessible={true}
  hitSlop={undefined}
  onLayout={undefined}
  onResponderGrant={[Function]}
  onResponderMove={[Function]}
  onResponderRelease={[Function]}
  onResponderTerminate={[Function]}
  onResponderTerminationRequest={[Function]}
  onStartShouldSetResponder={[Function]}
  style={
    Object {
      "alignItems": "center",
      "alignSelf": "center",
      "borderColor": "#FFFFFF",
      "borderRadius": 18,
      "borderWidth": 0.5,
      "flexDirection": "row",
      "height": 36,
      "justifyContent": "center",
      "marginBottom": 0,
      "opacity": 1,
      "paddingHorizontal": 20,
      "paddingVertical": 0,
      "top": 0,
    }
  }
  testID={undefined}>
  <Text
    accessible={true}
    allowFontScaling={true}
    ellipsizeMode="tail"
    style={
      Array [
        Object {
          "backgroundColor": "transparent",
          "flex": 1,
          "fontSize": 18,
          "textAlign": "center",
        },
        Array [
          Object {
            "color": "#FFFFFF",
            "fontFamily": "Avenir",
            "fontSize": 15,
            "textAlign": "center",
          },
          Object {
            "color": "red",
          },
        ],
      ]
    }>
    FooBar
  </Text>
</View>
`;
