exports[`test renders correctly when canComplete and canCancel 1`] = `
<View
  onLayout={[Function]}
  style={
    Array [
      Object {
        "backgroundColor": "#FFFFFF",
        "bottom": 0,
        "flexDirection": "row",
        "left": 0,
        "position": "absolute",
        "right": 0,
      },
      undefined,
    ]
  }>
  <View
    accessibilityComponentType={undefined}
    accessibilityLabel={undefined}
    accessibilityTraits={undefined}
    accessible={true}
    hitSlop={undefined}
    onLayout={undefined}
    onResponderGrant={[Function]}
    onResponderMove={[Function]}
    onResponderRelease={[Function]}
    onResponderTerminate={[Function]}
    onResponderTerminationRequest={[Function]}
    onStartShouldSetResponder={[Function]}
    style={
      Object {
        "alignItems": "center",
        "alignSelf": "stretch",
        "backgroundColor": "#FF7F85",
        "borderRadius": 0,
        "borderWidth": 0,
        "flex": 1,
        "flexDirection": "row",
        "height": 105,
        "justifyContent": "center",
        "marginBottom": 0,
        "opacity": 1,
        "paddingHorizontal": 0,
        "paddingVertical": 0,
        "width": 0,
      }
    }
    testID={undefined}>
    <Text
      accessible={true}
      allowFontScaling={true}
      ellipsizeMode="tail"
      style={
        Array [
          Object {
            "backgroundColor": "transparent",
            "flex": 1,
            "fontSize": 18,
            "textAlign": "center",
          },
          Array [
            Object {
              "color": "#FFFFFF",
              "fontSize": 21,
              "textAlign": "center",
            },
            Object {
              "fontFamily": "Avenir-Black",
            },
            undefined,
          ],
        ]
      }>
      Concluir pedido
    </Text>
  </View>
  <View
    accessibilityComponentType={undefined}
    accessibilityLabel={undefined}
    accessibilityTraits={undefined}
    accessible={true}
    hitSlop={undefined}
    onLayout={undefined}
    onResponderGrant={[Function]}
    onResponderMove={[Function]}
    onResponderRelease={[Function]}
    onResponderTerminate={[Function]}
    onResponderTerminationRequest={[Function]}
    onStartShouldSetResponder={[Function]}
    style={
      Object {
        "alignItems": "center",
        "alignSelf": "stretch",
        "backgroundColor": "#E6D3B7",
        "borderRadius": 0,
        "borderWidth": 0,
        "flex": 1,
        "flexDirection": "row",
        "height": 105,
        "justifyContent": "center",
        "marginBottom": 0,
        "opacity": 1,
        "paddingHorizontal": 0,
        "paddingVertical": 0,
        "width": 0,
      }
    }
    testID={undefined}>
    <Text
      accessible={true}
      allowFontScaling={true}
      ellipsizeMode="tail"
      style={
        Array [
          Object {
            "backgroundColor": "transparent",
            "flex": 1,
            "fontSize": 18,
            "textAlign": "center",
          },
          Array [
            Object {
              "color": "#FFFFFF",
              "fontSize": 21,
              "textAlign": "center",
            },
            Object {
              "fontFamily": "Avenir-Black",
            },
            undefined,
          ],
        ]
      }>
      Cancelar pedido
    </Text>
  </View>
</View>
`;

exports[`test renders correctly when canComplete and canCancel for non admins 1`] = `
<View
  onLayout={[Function]}
  style={
    Array [
      Object {
        "backgroundColor": "#FFFFFF",
        "bottom": 0,
        "flexDirection": "row",
        "left": 0,
        "position": "absolute",
        "right": 0,
      },
      undefined,
    ]
  }>
  <View
    accessibilityComponentType={undefined}
    accessibilityLabel={undefined}
    accessibilityTraits={undefined}
    accessible={true}
    hitSlop={undefined}
    onLayout={undefined}
    onResponderGrant={[Function]}
    onResponderMove={[Function]}
    onResponderRelease={[Function]}
    onResponderTerminate={[Function]}
    onResponderTerminationRequest={[Function]}
    onStartShouldSetResponder={[Function]}
    style={
      Object {
        "alignItems": "center",
        "alignSelf": "stretch",
        "backgroundColor": "#FF7F85",
        "borderRadius": 0,
        "borderWidth": 0,
        "flex": 1,
        "flexDirection": "row",
        "height": 105,
        "justifyContent": "center",
        "marginBottom": 0,
        "opacity": 1,
        "paddingHorizontal": 0,
        "paddingVertical": 0,
        "width": 0,
      }
    }
    testID={undefined}>
    <Text
      accessible={true}
      allowFontScaling={true}
      ellipsizeMode="tail"
      style={
        Array [
          Object {
            "backgroundColor": "transparent",
            "flex": 1,
            "fontSize": 18,
            "textAlign": "center",
          },
          Array [
            Object {
              "color": "#FFFFFF",
              "fontSize": 21,
              "textAlign": "center",
            },
            Object {
              "fontFamily": "Avenir-Black",
            },
            undefined,
          ],
        ]
      }>
      JÃ¡ consegui
    </Text>
  </View>
  <View
    accessibilityComponentType={undefined}
    accessibilityLabel={undefined}
    accessibilityTraits={undefined}
    accessible={true}
    hitSlop={undefined}
    onLayout={undefined}
    onResponderGrant={[Function]}
    onResponderMove={[Function]}
    onResponderRelease={[Function]}
    onResponderTerminate={[Function]}
    onResponderTerminationRequest={[Function]}
    onStartShouldSetResponder={[Function]}
    style={
      Object {
        "alignItems": "center",
        "alignSelf": "stretch",
        "backgroundColor": "#E6D3B7",
        "borderRadius": 0,
        "borderWidth": 0,
        "flex": 1,
        "flexDirection": "row",
        "height": 105,
        "justifyContent": "center",
        "marginBottom": 0,
        "opacity": 1,
        "paddingHorizontal": 0,
        "paddingVertical": 0,
        "width": 0,
      }
    }
    testID={undefined}>
    <Text
      accessible={true}
      allowFontScaling={true}
      ellipsizeMode="tail"
      style={
        Array [
          Object {
            "backgroundColor": "transparent",
            "flex": 1,
            "fontSize": 18,
            "textAlign": "center",
          },
          Array [
            Object {
              "color": "#FFFFFF",
              "fontSize": 21,
              "textAlign": "center",
            },
            Object {
              "fontFamily": "Avenir-Black",
            },
            undefined,
          ],
        ]
      }>
      Cancelar pedido
    </Text>
  </View>
</View>
`;

exports[`test renders correctly when canReactivate 1`] = `
<View
  onLayout={[Function]}
  style={
    Array [
      Object {
        "backgroundColor": "#FFFFFF",
        "bottom": 0,
        "flexDirection": "row",
        "left": 0,
        "position": "absolute",
        "right": 0,
      },
      undefined,
    ]
  }>
  <View
    accessibilityComponentType={undefined}
    accessibilityLabel={undefined}
    accessibilityTraits={undefined}
    accessible={true}
    hitSlop={undefined}
    onLayout={undefined}
    onResponderGrant={[Function]}
    onResponderMove={[Function]}
    onResponderRelease={[Function]}
    onResponderTerminate={[Function]}
    onResponderTerminationRequest={[Function]}
    onStartShouldSetResponder={[Function]}
    style={
      Object {
        "alignItems": "center",
        "alignSelf": "stretch",
        "backgroundColor": "#FF7F85",
        "borderRadius": 0,
        "borderWidth": 0,
        "flex": 1,
        "flexDirection": "row",
        "height": 105,
        "justifyContent": "center",
        "marginBottom": 0,
        "opacity": 1,
        "paddingHorizontal": 0,
        "paddingVertical": 0,
        "width": 0,
      }
    }
    testID={undefined}>
    <Text
      accessible={true}
      allowFontScaling={true}
      ellipsizeMode="tail"
      style={
        Array [
          Object {
            "backgroundColor": "transparent",
            "flex": 1,
            "fontSize": 18,
            "textAlign": "center",
          },
          Array [
            Object {
              "color": "#FFFFFF",
              "fontSize": 21,
              "textAlign": "center",
            },
            Object {
              "fontFamily": "Avenir-Black",
            },
            undefined,
          ],
        ]
      }>
      Reativar pedido
    </Text>
  </View>
</View>
`;

exports[`test renders correctly when canReactivate and canCancel 1`] = `
<View
  onLayout={[Function]}
  style={
    Array [
      Object {
        "backgroundColor": "#FFFFFF",
        "bottom": 0,
        "flexDirection": "row",
        "left": 0,
        "position": "absolute",
        "right": 0,
      },
      undefined,
    ]
  }>
  <View
    accessibilityComponentType={undefined}
    accessibilityLabel={undefined}
    accessibilityTraits={undefined}
    accessible={true}
    hitSlop={undefined}
    onLayout={undefined}
    onResponderGrant={[Function]}
    onResponderMove={[Function]}
    onResponderRelease={[Function]}
    onResponderTerminate={[Function]}
    onResponderTerminationRequest={[Function]}
    onStartShouldSetResponder={[Function]}
    style={
      Object {
        "alignItems": "center",
        "alignSelf": "stretch",
        "backgroundColor": "#FF7F85",
        "borderRadius": 0,
        "borderWidth": 0,
        "flex": 1,
        "flexDirection": "row",
        "height": 105,
        "justifyContent": "center",
        "marginBottom": 0,
        "opacity": 1,
        "paddingHorizontal": 0,
        "paddingVertical": 0,
        "width": 0,
      }
    }
    testID={undefined}>
    <Text
      accessible={true}
      allowFontScaling={true}
      ellipsizeMode="tail"
      style={
        Array [
          Object {
            "backgroundColor": "transparent",
            "flex": 1,
            "fontSize": 18,
            "textAlign": "center",
          },
          Array [
            Object {
              "color": "#FFFFFF",
              "fontSize": 21,
              "textAlign": "center",
            },
            Object {
              "fontFamily": "Avenir-Black",
            },
            undefined,
          ],
        ]
      }>
      Reativar pedido
    </Text>
  </View>
  <View
    accessibilityComponentType={undefined}
    accessibilityLabel={undefined}
    accessibilityTraits={undefined}
    accessible={true}
    hitSlop={undefined}
    onLayout={undefined}
    onResponderGrant={[Function]}
    onResponderMove={[Function]}
    onResponderRelease={[Function]}
    onResponderTerminate={[Function]}
    onResponderTerminationRequest={[Function]}
    onStartShouldSetResponder={[Function]}
    style={
      Object {
        "alignItems": "center",
        "alignSelf": "stretch",
        "backgroundColor": "#E6D3B7",
        "borderRadius": 0,
        "borderWidth": 0,
        "flex": 1,
        "flexDirection": "row",
        "height": 105,
        "justifyContent": "center",
        "marginBottom": 0,
        "opacity": 1,
        "paddingHorizontal": 0,
        "paddingVertical": 0,
        "width": 0,
      }
    }
    testID={undefined}>
    <Text
      accessible={true}
      allowFontScaling={true}
      ellipsizeMode="tail"
      style={
        Array [
          Object {
            "backgroundColor": "transparent",
            "flex": 1,
            "fontSize": 18,
            "textAlign": "center",
          },
          Array [
            Object {
              "color": "#FFFFFF",
              "fontSize": 21,
              "textAlign": "center",
            },
            Object {
              "fontFamily": "Avenir-Black",
            },
            undefined,
          ],
        ]
      }>
      Cancelar pedido
    </Text>
  </View>
</View>
`;

exports[`test renders null when it has no callbacks 1`] = `null`;
