exports[`test renders correctly 1`] = `
<View
  style={
    Array [
      Object {
        "alignItems": "center",
        "backgroundColor": "#FFFFFF",
        "borderColor": "#FAF6F1",
        "borderTopWidth": 12,
        "padding": 15,
      },
      undefined,
    ]
  }>
  <Text
    accessible={true}
    allowFontScaling={true}
    ellipsizeMode="tail"
    style={
      Array [
        Object {
          "color": "#654C50",
          "fontFamily": "Avenir",
          "fontSize": 18,
        },
        Object {
          "color": "#000000",
          "fontSize": 15,
          "marginBottom": 10,
          "marginHorizontal": 40,
          "textAlign": "center",
        },
      ]
    }>
    Foo
  </Text>
  <View
    accessibilityComponentType={undefined}
    accessibilityLabel={undefined}
    accessibilityTraits={undefined}
    accessible={true}
    hitSlop={undefined}
    onLayout={undefined}
    onResponderGrant={[Function]}
    onResponderMove={[Function]}
    onResponderRelease={[Function]}
    onResponderTerminate={[Function]}
    onResponderTerminationRequest={[Function]}
    onStartShouldSetResponder={[Function]}
    style={
      Object {
        "alignItems": "center",
        "alignSelf": "center",
        "backgroundColor": "#557BD3",
        "borderColor": "#557BD3",
        "borderRadius": 27,
        "borderWidth": 0.5,
        "flexDirection": "row",
        "height": 54,
        "justifyContent": "center",
        "marginBottom": 0,
        "opacity": 1,
        "paddingHorizontal": 30,
        "paddingVertical": 0,
        "width": 330,
      }
    }
    testID={undefined}>
    <Text
      accessible={true}
      allowFontScaling={true}
      ellipsizeMode="tail"
      style={
        Array [
          Object {
            "backgroundColor": "transparent",
            "flex": 1,
            "fontSize": 18,
            "textAlign": "center",
          },
          Array [
            Object {
              "color": "#FF7F85",
              "fontFamily": "Avenir",
              "fontSize": 18,
              "textAlign": "center",
            },
            Array [
              Object {
                "color": "#FFFFFF",
              },
              undefined,
            ],
          ],
        ]
      }>
      Conecte sua conta do Facebook
    </Text>
  </View>
</View>
`;

exports[`test renders default title 1`] = `
<View
  style={
    Array [
      Object {
        "alignItems": "center",
        "backgroundColor": "#FFFFFF",
        "borderColor": "#FAF6F1",
        "borderTopWidth": 12,
        "padding": 15,
      },
      undefined,
    ]
  }>
  <Text
    accessible={true}
    allowFontScaling={true}
    ellipsizeMode="tail"
    style={
      Array [
        Object {
          "color": "#654C50",
          "fontFamily": "Avenir",
          "fontSize": 18,
        },
        Object {
          "color": "#000000",
          "fontSize": 15,
          "marginBottom": 10,
          "marginHorizontal": 40,
          "textAlign": "center",
        },
      ]
    }>
    Quer ter acesso a funcionalidades incr√≠veis?
  </Text>
  <View
    accessibilityComponentType={undefined}
    accessibilityLabel={undefined}
    accessibilityTraits={undefined}
    accessible={true}
    hitSlop={undefined}
    onLayout={undefined}
    onResponderGrant={[Function]}
    onResponderMove={[Function]}
    onResponderRelease={[Function]}
    onResponderTerminate={[Function]}
    onResponderTerminationRequest={[Function]}
    onStartShouldSetResponder={[Function]}
    style={
      Object {
        "alignItems": "center",
        "alignSelf": "center",
        "backgroundColor": "#557BD3",
        "borderColor": "#557BD3",
        "borderRadius": 27,
        "borderWidth": 0.5,
        "flexDirection": "row",
        "height": 54,
        "justifyContent": "center",
        "marginBottom": 0,
        "opacity": 1,
        "paddingHorizontal": 30,
        "paddingVertical": 0,
        "width": 330,
      }
    }
    testID={undefined}>
    <Text
      accessible={true}
      allowFontScaling={true}
      ellipsizeMode="tail"
      style={
        Array [
          Object {
            "backgroundColor": "transparent",
            "flex": 1,
            "fontSize": 18,
            "textAlign": "center",
          },
          Array [
            Object {
              "color": "#FF7F85",
              "fontFamily": "Avenir",
              "fontSize": 18,
              "textAlign": "center",
            },
            Array [
              Object {
                "color": "#FFFFFF",
              },
              undefined,
            ],
          ],
        ]
      }>
      Conecte sua conta do Facebook
    </Text>
  </View>
</View>
`;
