exports[`test renders correctly 1`] = `
<View
  style={
    Object {
      "alignItems": "center",
      "alignSelf": "stretch",
      "marginTop": 24,
    }
  }>
  Footer
</View>
`;
