exports[`test renders correctly 1`] = `
<View
  accessibilityComponentType={undefined}
  accessibilityLabel={undefined}
  accessibilityTraits={undefined}
  accessible={true}
  hitSlop={undefined}
  onLayout={undefined}
  onResponderGrant={[Function]}
  onResponderMove={[Function]}
  onResponderRelease={[Function]}
  onResponderTerminate={[Function]}
  onResponderTerminationRequest={[Function]}
  onStartShouldSetResponder={[Function]}
  style={
    Object {
      "opacity": 1,
    }
  }
  testID={undefined}>
  <Text
    accessible={true}
    allowFontScaling={true}
    ellipsizeMode="tail"
    style={
      Array [
        Object {
          "color": "#654C50",
          "fontFamily": "Avenir",
          "fontSize": 18,
        },
        Array [
          Object {
            "color": "#654C50",
          },
          Array [
            Object {
              "marginBottom": 20,
              "marginTop": 10,
              "textAlign": "center",
            },
            Object {
              "top": 0,
            },
          ],
        ],
      ]
    }>
    Carregar mais
  </Text>
</View>
`;
