exports[`test renders correctly 1`] = `
<Image
  source={1}
  style={
    Array [
      Object {
        "height": 15,
        "width": 15,
      },
      Object {
        "top": 0,
      },
    ]
  } />
`;
