exports[`test renders correctly 1`] = `
<Text
  accessible={true}
  allowFontScaling={true}
  ellipsizeMode="tail"
  style={
    Array [
      Object {
        "color": "#654C50",
        "fontFamily": "Avenir",
        "fontSize": 18,
      },
      Array [
        Object {
          "fontSize": 13.5,
        },
        Object {
          "top": 0,
        },
      ],
    ]
  }>
  hรก segundos
</Text>
`;
