exports[`test renders correctly 1`] = `
<View
  style={
    Object {
      "alignItems": "center",
      "borderBottomWidth": 1,
      "borderColor": "#FF7F85",
      "flexDirection": "row",
      "height": 60,
      "justifyContent": "center",
      "marginTop": 20,
    }
  }>
  <View
    style={
      Object {
        "alignItems": "center",
        "flex": 1,
        "justifyContent": "center",
      }
    }>
    <Text
      accessible={true}
      allowFontScaling={true}
      ellipsizeMode="tail"
      style={
        Array [
          Object {
            "color": "#654C50",
            "fontFamily": "Avenir",
            "fontSize": 18,
          },
          Array [
            Object {
              "fontSize": 21,
            },
            Object {
              "fontFamily": "Avenir-Black",
            },
          ],
        ]
      }>
      Tem Açúcar?
    </Text>
  </View>
  <View
    accessibilityComponentType={undefined}
    accessibilityLabel={undefined}
    accessibilityTraits={undefined}
    accessible={true}
    hitSlop={undefined}
    onLayout={undefined}
    onResponderGrant={[Function]}
    onResponderMove={[Function]}
    onResponderRelease={[Function]}
    onResponderTerminate={[Function]}
    onResponderTerminationRequest={[Function]}
    onStartShouldSetResponder={[Function]}
    style={
      Object {
        "bottom": 0,
        "justifyContent": "center",
        "left": 0,
        "opacity": 1,
        "paddingHorizontal": 10,
        "position": "absolute",
        "top": 0,
      }
    }
    testID={undefined}>
    <Text
      accessible={true}
      allowFontScaling={false}
      ellipsizeMode="tail"
      style={
        Array [
          Object {
            "color": "#654C50",
            "fontFamily": "Ionicons",
            "fontSize": 27,
            "fontStyle": "normal",
            "fontWeight": "normal",
          },
          Object {
            "color": "#654C50",
            "fontSize": 42,
          },
        ]
      }>
      
    </Text>
  </View>
</View>
`;
