exports[`test renders correctly 1`] = `
<View
  style={
    Array [
      Object {
        "alignItems": "center",
        "bottom": 32,
        "left": 0,
        "position": "absolute",
        "right": 0,
      },
      Object {
        "top": 0,
      },
    ]
  }>
  FooBar
</View>
`;
