exports[`test renders correctly 1`] = `
<View
  style={
    Array [
      Object {
        "alignItems": "center",
        "backgroundColor": "#FAF6F1",
        "height": 667.5,
        "paddingTop": 40,
        "width": 750,
      },
      Object {
        "top": 0,
      },
    ]
  }>
  <Text
    accessible={true}
    allowFontScaling={true}
    ellipsizeMode="tail"
    style={
      Array [
        Object {
          "color": "#654C50",
          "fontFamily": "Avenir",
          "fontSize": 18,
        },
        Array [
          Object {
            "color": "#CECED2",
            "fontSize": 24,
            "marginBottom": 20,
            "marginHorizontal": 20,
            "textAlign": "center",
          },
          Object {
            "fontFamily": "Avenir-Medium",
          },
          Object {
            "color": "#44B5B1",
            "fontSize": 27,
            "marginBottom": 40,
          },
        ],
      ]
    }>
    Foo Bar
  </Text>
  FooBar
</View>
`;
